// Jest Snapshot v1, https://goo.gl/fbAQLP

exports[`Photolist is rendering matches snapshot 1`] = `[Function]`;
